[05-Sep-2025 06:12:12 Europe/Berlin] === PHP ERROR LOG TEST ===
[05-Sep-2025 06:12:12 Europe/Berlin] Current time: 2025-09-05 06:12:12
[05-Sep-2025 06:12:12 Europe/Berlin] Test message: PHP error logging is working!
